Chenshufu    Wed, 01 Jun 2016 15:36:58 WARNING  username2014141462015
Chenshufu    Wed, 01 Jun 2016 15:56:35 WARNING  username2014141462015
Chenshufu    Wed, 01 Jun 2016 15:58:29 WARNING  username2014141462015
Chenshufu    Wed, 01 Jun 2016 16:00:10 WARNING  username2014141462015
Chenshufu    Wed, 01 Jun 2016 16:10:07 WARNING  username2014141462250
Chenshufu    Wed, 01 Jun 2016 16:10:10 WARNING  username2014141462250
Chenshufu    Wed, 01 Jun 2016 16:20:24 WARNING  username2014141462015
Chenshufu    Wed, 01 Jun 2016 16:23:17 WARNING  username2014141414141
Chenshufu    Wed, 01 Jun 2016 16:23:39 WARNING  username2014141462054
Chenshufu    Wed, 01 Jun 2016 16:27:50 WARNING  username2014141462216
Chenshufu    Wed, 01 Jun 2016 16:28:19 WARNING  username2014141462216
Chenshufu    Wed, 01 Jun 2016 16:28:53 WARNING  username2014141462216
Chenshufu    Wed, 01 Jun 2016 16:30:01 WARNING  username2014141041127
Chenshufu    Wed, 01 Jun 2016 16:31:05 WARNING  username2013141013050
Chenshufu    Wed, 01 Jun 2016 16:36:01 WARNING  username2014141462015
Chenshufu    Wed, 01 Jun 2016 16:46:14 WARNING  username2014141041180
Chenshufu    Wed, 01 Jun 2016 23:15:28 WARNING  username2014141462083
Chenshufu    Wed, 01 Jun 2016 23:15:28 WARNING  username2014141462083
Chenshufu    Wed, 01 Jun 2016 23:15:30 WARNING  username2014141462083
Chenshufu    Wed, 01 Jun 2016 23:15:37 WARNING  username2014141462083
Chenshufu    Wed, 01 Jun 2016 23:39:23 WARNING  username2014141462140
Chenshufu    Thu, 02 Jun 2016 00:27:02 WARNING  username2014141462382
Chenshufu    Thu, 02 Jun 2016 00:27:34 WARNING  username2014141462175
Chenshufu    Thu, 02 Jun 2016 00:35:00 WARNING  username2014141462015
Chenshufu    Thu, 02 Jun 2016 00:37:10 WARNING  username2014141462015
Chenshufu    Thu, 02 Jun 2016 00:48:20 WARNING  username2014141462015
Chenshufu    Thu, 02 Jun 2016 00:52:58 WARNING  username2014141462269
Chenshufu    Thu, 02 Jun 2016 00:53:51 WARNING  username2014141462269
Chenshufu    Thu, 02 Jun 2016 00:54:03 WARNING  username
Chenshufu    Thu, 02 Jun 2016 00:56:14 WARNING  username2014141462269
Chenshufu    Thu, 02 Jun 2016 01:00:29 WARNING  username2014141462269
Chenshufu    Thu, 02 Jun 2016 01:02:09 WARNING  username2014141462292
Chenshufu    Thu, 02 Jun 2016 01:11:22 WARNING  username2015151612015
Chenshufu    Thu, 02 Jun 2016 01:13:48 WARNING  username2014151643028
Chenshufu    Thu, 02 Jun 2016 01:28:46 WARNING  username2014141482092
Chenshufu    Thu, 02 Jun 2016 01:30:06 WARNING  username2014141482092
Chenshufu    Thu, 02 Jun 2016 01:38:44 WARNING  username2015141652006
Chenshufu    Thu, 02 Jun 2016 01:38:49 WARNING  username2015141652006
Chenshufu    Thu, 02 Jun 2016 01:39:30 WARNING  username2015141652006
Chenshufu    Thu, 02 Jun 2016 01:39:46 WARNING  username2014141462137
Chenshufu    Thu, 02 Jun 2016 01:53:21 WARNING  username2014141462117
Chenshufu    Thu, 02 Jun 2016 01:59:59 WARNING  username2015141482261
Chenshufu    Thu, 02 Jun 2016 02:01:21 WARNING  username2014181641019
Chenshufu    Thu, 02 Jun 2016 02:07:20 WARNING  username2014151651145
Chenshufu    Thu, 02 Jun 2016 02:09:06 WARNING  username2014141462032
Chenshufu    Thu, 02 Jun 2016 02:09:54 WARNING  username2014141462205
Chenshufu    Thu, 02 Jun 2016 02:15:40 WARNING  username2014141462015
Chenshufu    Thu, 02 Jun 2016 02:25:05 WARNING  username2015141072012
Chenshufu    Thu, 02 Jun 2016 02:46:03 WARNING  username2015141222031
Chenshufu    Thu, 02 Jun 2016 02:48:00 WARNING  username2014141462015
Chenshufu    Thu, 02 Jun 2016 03:06:58 WARNING  username2014141091031
Chenshufu    Thu, 02 Jun 2016 03:10:45 WARNING  username2014141462015
Chenshufu    Thu, 02 Jun 2016 03:14:07 WARNING  username2014141462015
Chenshufu    Thu, 02 Jun 2016 03:16:22 WARNING  username
Chenshufu    Thu, 02 Jun 2016 03:16:44 WARNING  username2015151477011
Chenshufu    Thu, 02 Jun 2016 03:16:47 WARNING  username2015141482195
Chenshufu    Thu, 02 Jun 2016 03:16:54 WARNING  username2015141412065
Chenshufu    Thu, 02 Jun 2016 03:17:08 WARNING  username2015141482052
Chenshufu    Thu, 02 Jun 2016 03:17:10 WARNING  username2015141482052
Chenshufu    Thu, 02 Jun 2016 03:17:16 WARNING  username2015141482052
Chenshufu    Thu, 02 Jun 2016 03:17:17 WARNING  username2015141482052
Chenshufu    Thu, 02 Jun 2016 03:17:17 WARNING  username2015141482052
Chenshufu    Thu, 02 Jun 2016 03:17:17 WARNING  username2015141482052
Chenshufu    Thu, 02 Jun 2016 03:17:17 WARNING  username2015141482052
Chenshufu    Thu, 02 Jun 2016 03:17:24 WARNING  username2015141482052
Chenshufu    Thu, 02 Jun 2016 03:17:25 WARNING  username2015141482052
Chenshufu    Thu, 02 Jun 2016 03:17:25 WARNING  username2015141482052
Chenshufu    Thu, 02 Jun 2016 03:17:26 WARNING  username2015141482052
Chenshufu    Thu, 02 Jun 2016 03:17:26 WARNING  username2015141482052
Chenshufu    Thu, 02 Jun 2016 03:17:27 WARNING  username2015141482052
Chenshufu    Thu, 02 Jun 2016 03:17:32 WARNING  username2015141482052
Chenshufu    Thu, 02 Jun 2016 03:17:34 WARNING  username1143310710
Chenshufu    Thu, 02 Jun 2016 03:17:47 WARNING  username2015151477030
Chenshufu    Thu, 02 Jun 2016 03:17:51 WARNING  username2015151477030
Chenshufu    Thu, 02 Jun 2016 03:18:02 WARNING  username2015141482146
Chenshufu    Thu, 02 Jun 2016 03:18:20 WARNING  username2015141482052
Chenshufu    Thu, 02 Jun 2016 03:19:20 WARNING  username2014141431198
Chenshufu    Thu, 02 Jun 2016 03:20:42 WARNING  username2015141482158
Chenshufu    Thu, 02 Jun 2016 03:21:20 WARNING  username2014141431198
Chenshufu    Thu, 02 Jun 2016 03:23:26 WARNING  username
Chenshufu    Thu, 02 Jun 2016 03:23:28 WARNING  username2015141441160
Chenshufu    Thu, 02 Jun 2016 03:23:41 WARNING  username2015141441160
Chenshufu    Thu, 02 Jun 2016 03:23:47 WARNING  username2015141441160
Chenshufu    Thu, 02 Jun 2016 03:24:52 WARNING  username
Chenshufu    Thu, 02 Jun 2016 03:25:01 WARNING  username2014151643031
Chenshufu    Thu, 02 Jun 2016 03:25:06 WARNING  username2014151643031
Chenshufu    Thu, 02 Jun 2016 03:25:07 WARNING  username2014151643031
Chenshufu    Thu, 02 Jun 2016 03:25:08 WARNING  username2014151643031
Chenshufu    Thu, 02 Jun 2016 03:25:08 WARNING  username2014151643031
Chenshufu    Thu, 02 Jun 2016 03:25:10 WARNING  username2014151643031
Chenshufu    Thu, 02 Jun 2016 03:25:15 WARNING  username2014151643017
Chenshufu    Thu, 02 Jun 2016 03:25:15 WARNING  username2014151643031
Chenshufu    Thu, 02 Jun 2016 03:25:41 WARNING  username2014151643017
Chenshufu    Thu, 02 Jun 2016 03:25:49 WARNING  username2015151472027
Chenshufu    Thu, 02 Jun 2016 03:27:13 WARNING  username2014141462364
Chenshufu    Thu, 02 Jun 2016 03:27:30 WARNING  username2014151643005
Chenshufu    Thu, 02 Jun 2016 03:28:09 WARNING  username2014141653039
Chenshufu    Thu, 02 Jun 2016 03:30:03 WARNING  username2015141211080
Chenshufu    Thu, 02 Jun 2016 03:30:05 WARNING  username2015141211080
Chenshufu    Thu, 02 Jun 2016 03:30:11 WARNING  username2015141211080
Chenshufu    Thu, 02 Jun 2016 03:32:17 WARNING  username2014141462206
Chenshufu    Thu, 02 Jun 2016 03:33:17 WARNING  username2014141462234
Chenshufu    Thu, 02 Jun 2016 03:33:24 WARNING  username2014141462234
Chenshufu    Thu, 02 Jun 2016 03:34:12 WARNING  username2014141462388
Chenshufu    Thu, 02 Jun 2016 03:34:13 WARNING  username2014151643017
Chenshufu    Thu, 02 Jun 2016 03:34:45 WARNING  username2014151643017
Chenshufu    Thu, 02 Jun 2016 03:35:11 WARNING  username2014151643017
Chenshufu    Thu, 02 Jun 2016 03:35:17 WARNING  username2014141442015
Chenshufu    Thu, 02 Jun 2016 03:35:21 WARNING  username2014141442043
Chenshufu    Thu, 02 Jun 2016 03:35:24 WARNING  username2014141442043
Chenshufu    Thu, 02 Jun 2016 03:35:25 WARNING  username2014141442043
Chenshufu    Thu, 02 Jun 2016 03:35:25 WARNING  username2014141442043
Chenshufu    Thu, 02 Jun 2016 03:35:25 WARNING  username2014141442043
Chenshufu    Thu, 02 Jun 2016 03:35:25 WARNING  username2014141442043
Chenshufu    Thu, 02 Jun 2016 03:35:27 WARNING  username2014141442043
Chenshufu    Thu, 02 Jun 2016 03:35:31 WARNING  username2014141442043
Chenshufu    Thu, 02 Jun 2016 03:35:31 WARNING  username2014141442043
Chenshufu    Thu, 02 Jun 2016 03:35:33 WARNING  username2014141442043
Chenshufu    Thu, 02 Jun 2016 03:35:33 WARNING  username2014141442043
Chenshufu    Thu, 02 Jun 2016 03:35:34 WARNING  username2014141442098
Chenshufu    Thu, 02 Jun 2016 03:35:37 WARNING  username2014141442043
Chenshufu    Thu, 02 Jun 2016 03:36:08 WARNING  username2014141442031
Chenshufu    Thu, 02 Jun 2016 03:36:17 WARNING  username2014141442014
Chenshufu    Thu, 02 Jun 2016 03:36:18 WARNING  username2014141442014
Chenshufu    Thu, 02 Jun 2016 03:36:26 WARNING  username2014141473113
Chenshufu    Thu, 02 Jun 2016 03:36:27 WARNING  username2014141442031
Chenshufu    Thu, 02 Jun 2016 03:36:30 WARNING  username2014141442014
Chenshufu    Thu, 02 Jun 2016 03:36:40 WARNING  username2014141442014
Chenshufu    Thu, 02 Jun 2016 03:37:50 WARNING  username2014141222059
Chenshufu    Thu, 02 Jun 2016 03:38:04 WARNING  username2014141462154
Chenshufu    Thu, 02 Jun 2016 03:38:06 WARNING  username2014151643010
Chenshufu    Thu, 02 Jun 2016 03:38:12 WARNING  username2014141431068
Chenshufu    Thu, 02 Jun 2016 03:38:22 WARNING  username2014141431068
Chenshufu    Thu, 02 Jun 2016 03:39:37 WARNING  username2015141086040
Chenshufu    Thu, 02 Jun 2016 03:39:47 WARNING  username2014141462301
Chenshufu    Thu, 02 Jun 2016 03:40:05 WARNING  username2014151643101
Chenshufu    Thu, 02 Jun 2016 03:40:07 WARNING  username2014151643008
Chenshufu    Thu, 02 Jun 2016 03:40:09 WARNING  username2015141211072
Chenshufu    Thu, 02 Jun 2016 03:40:17 WARNING  username2014141442018
Chenshufu    Thu, 02 Jun 2016 03:40:17 WARNING  username2015141442037
Chenshufu    Thu, 02 Jun 2016 03:40:20 WARNING  username2014141442018
Chenshufu    Thu, 02 Jun 2016 03:40:28 WARNING  username2014141442018
Chenshufu    Thu, 02 Jun 2016 03:41:13 WARNING  username2014141442053
Chenshufu    Thu, 02 Jun 2016 03:41:23 WARNING  username2014141442053
Chenshufu    Thu, 02 Jun 2016 03:41:39 WARNING  username2014181641013
Chenshufu    Thu, 02 Jun 2016 03:42:53 WARNING  username2015151477028
Chenshufu    Thu, 02 Jun 2016 03:43:41 WARNING  username2014141431023
Chenshufu    Thu, 02 Jun 2016 03:43:42 WARNING  username2015141442042
Chenshufu    Thu, 02 Jun 2016 03:44:17 WARNING  username2014141442065
Chenshufu    Thu, 02 Jun 2016 03:44:29 WARNING  username2014141442017
Chenshufu    Thu, 02 Jun 2016 03:44:36 WARNING  username2014151643005
Chenshufu    Thu, 02 Jun 2016 03:45:25 WARNING  username2014141442035
Chenshufu    Thu, 02 Jun 2016 03:45:44 WARNING  username2015151477006
Chenshufu    Thu, 02 Jun 2016 03:45:56 WARNING  username2015151477006
Chenshufu    Thu, 02 Jun 2016 03:46:06 WARNING  username2014141473017
Chenshufu    Thu, 02 Jun 2016 03:47:21 WARNING  username2015141661173
Chenshufu    Thu, 02 Jun 2016 03:47:27 WARNING  username2015141661173
Chenshufu    Thu, 02 Jun 2016 03:47:32 WARNING  username2015141661173
Chenshufu    Thu, 02 Jun 2016 03:47:43 WARNING  username2015141661173
Chenshufu    Thu, 02 Jun 2016 03:47:50 WARNING  username2014141473101
Chenshufu    Thu, 02 Jun 2016 03:47:55 WARNING  username2015151477028
Chenshufu    Thu, 02 Jun 2016 03:50:17 WARNING  username2014141442008
Chenshufu    Thu, 02 Jun 2016 03:54:01 WARNING  username2014141462015
Chenshufu    Thu, 02 Jun 2016 03:54:15 WARNING  username2014141462015
Chenshufu    Thu, 02 Jun 2016 03:56:20 WARNING  username2014141442016
Chenshufu    Thu, 02 Jun 2016 03:56:24 WARNING  username2014141442016
Chenshufu    Thu, 02 Jun 2016 03:57:58 WARNING  username2014141442045
Chenshufu    Thu, 02 Jun 2016 03:58:27 WARNING  username2014151477015
Chenshufu    Thu, 02 Jun 2016 03:58:35 WARNING  username2014141041130
Chenshufu    Thu, 02 Jun 2016 03:58:44 WARNING  username2014141442055
Chenshufu    Thu, 02 Jun 2016 03:59:27 WARNING  username2014141453242
Chenshufu    Thu, 02 Jun 2016 04:02:28 WARNING  username2014141462174
Chenshufu    Thu, 02 Jun 2016 04:02:59 WARNING  username2014141462313
Chenshufu    Thu, 02 Jun 2016 04:03:57 WARNING  username2014141462310
Chenshufu    Thu, 02 Jun 2016 04:04:21 WARNING  username2014141462310
Chenshufu    Thu, 02 Jun 2016 04:04:53 WARNING  username201414141442002
Chenshufu    Thu, 02 Jun 2016 04:05:08 WARNING  username2014141473228
Chenshufu    Thu, 02 Jun 2016 04:05:23 WARNING  username201414141442002
Chenshufu    Thu, 02 Jun 2016 04:05:39 WARNING  username2014141442002
Chenshufu    Thu, 02 Jun 2016 04:05:40 WARNING  username2014141442002
Chenshufu    Thu, 02 Jun 2016 04:05:41 WARNING  username2014141442002
Chenshufu    Thu, 02 Jun 2016 04:05:43 WARNING  username2014141442002
Chenshufu    Thu, 02 Jun 2016 04:05:57 WARNING  username2014141442002
Chenshufu    Thu, 02 Jun 2016 04:06:48 WARNING  username
Chenshufu    Thu, 02 Jun 2016 04:07:07 WARNING  username20141514777009
Chenshufu    Thu, 02 Jun 2016 04:07:30 WARNING  username2013141072002
Chenshufu    Thu, 02 Jun 2016 04:07:36 WARNING  username2014151477009
Chenshufu    Thu, 02 Jun 2016 04:07:42 WARNING  username2014151477007
Chenshufu    Thu, 02 Jun 2016 04:08:09 WARNING  username2015141462196
Chenshufu    Thu, 02 Jun 2016 04:08:53 WARNING  username2014151477011
Chenshufu    Thu, 02 Jun 2016 04:09:10 WARNING  username2015141462263
Chenshufu    Thu, 02 Jun 2016 04:09:15 WARNING  username2015141462263
Chenshufu    Thu, 02 Jun 2016 04:09:31 WARNING  username2014151477011
Chenshufu    Thu, 02 Jun 2016 04:09:43 WARNING  username2015141462263
Chenshufu    Thu, 02 Jun 2016 04:09:46 WARNING  username2014141462028
Chenshufu    Thu, 02 Jun 2016 04:09:49 WARNING  username2014141442009
Chenshufu    Thu, 02 Jun 2016 04:09:53 WARNING  username2015141462263
Chenshufu    Thu, 02 Jun 2016 04:09:55 WARNING  username2014141213036
Chenshufu    Thu, 02 Jun 2016 04:09:57 WARNING  username2015141462263
Chenshufu    Thu, 02 Jun 2016 04:10:04 WARNING  username2015141462263
Chenshufu    Thu, 02 Jun 2016 04:10:07 WARNING  username2015141462263
Chenshufu    Thu, 02 Jun 2016 04:10:13 WARNING  username2015141462263
Chenshufu    Thu, 02 Jun 2016 04:10:17 WARNING  username2015141462263
Chenshufu    Thu, 02 Jun 2016 04:10:21 WARNING  username2015141462263
Chenshufu    Thu, 02 Jun 2016 04:11:49 WARNING  username2015141462033
Chenshufu    Thu, 02 Jun 2016 04:12:02 WARNING  username2015141482065
Chenshufu    Thu, 02 Jun 2016 04:12:24 WARNING  username2014171642006
Chenshufu    Thu, 02 Jun 2016 04:12:44 WARNING  username2015141482065
Chenshufu    Thu, 02 Jun 2016 04:13:07 WARNING  username2015141482178
Chenshufu    Thu, 02 Jun 2016 04:13:34 WARNING  username2014141462066
Chenshufu    Thu, 02 Jun 2016 04:13:59 WARNING  username2015141482256
Chenshufu    Thu, 02 Jun 2016 04:14:04 WARNING  username2015141482256
Chenshufu    Thu, 02 Jun 2016 04:14:21 WARNING  username2015141482256
Chenshufu    Thu, 02 Jun 2016 04:14:34 WARNING  username2015141482178
Chenshufu    Thu, 02 Jun 2016 04:15:00 WARNING  username2015141482065
Chenshufu    Thu, 02 Jun 2016 04:15:09 WARNING  username2014141473045
Chenshufu    Thu, 02 Jun 2016 04:15:46 WARNING  username2014141473045
Chenshufu    Thu, 02 Jun 2016 04:16:10 WARNING  username2014141473045
Chenshufu    Thu, 02 Jun 2016 04:17:20 WARNING  username2014141444049
Chenshufu    Thu, 02 Jun 2016 04:18:20 WARNING  username2015141462041
Chenshufu    Thu, 02 Jun 2016 04:18:26 WARNING  username2014141462155
Chenshufu    Thu, 02 Jun 2016 04:19:20 WARNING  username2014141444049
Chenshufu    Thu, 02 Jun 2016 04:19:31 WARNING  username2015141462041
Chenshufu    Thu, 02 Jun 2016 04:19:34 WARNING  username2013141482057
Chenshufu    Thu, 02 Jun 2016 04:20:43 WARNING  username2015141482256
Chenshufu    Thu, 02 Jun 2016 04:20:49 WARNING  username2013141482057
Chenshufu    Thu, 02 Jun 2016 04:20:53 WARNING  username2013141482057
Chenshufu    Thu, 02 Jun 2016 04:21:31 WARNING  username2014141462022
Chenshufu    Thu, 02 Jun 2016 04:23:04 WARNING  username2014141473253
Chenshufu    Thu, 02 Jun 2016 04:23:07 WARNING  username2014141462022
Chenshufu    Thu, 02 Jun 2016 04:23:22 WARNING  username2015141482048
Chenshufu    Thu, 02 Jun 2016 04:23:24 WARNING  username2014151643009
Chenshufu    Thu, 02 Jun 2016 04:23:34 WARNING  username2014151643009
Chenshufu    Thu, 02 Jun 2016 04:23:36 WARNING  username2014151643009
Chenshufu    Thu, 02 Jun 2016 04:23:41 WARNING  username2014141502009
Chenshufu    Thu, 02 Jun 2016 04:23:49 WARNING  username2014141502009
Chenshufu    Thu, 02 Jun 2016 04:24:15 WARNING  username2013141482057
Chenshufu    Thu, 02 Jun 2016 04:24:18 WARNING  username2014141473142
Chenshufu    Thu, 02 Jun 2016 04:24:26 WARNING  username2013141482057
Chenshufu    Thu, 02 Jun 2016 04:24:40 WARNING  username2014141473253
Chenshufu    Thu, 02 Jun 2016 04:26:13 WARNING  username2014141502009
Chenshufu    Thu, 02 Jun 2016 04:27:21 WARNING  username2015141462094
Chenshufu    Thu, 02 Jun 2016 04:27:40 WARNING  username2015141462094
Chenshufu    Thu, 02 Jun 2016 04:27:48 WARNING  username2015141462094
Chenshufu    Thu, 02 Jun 2016 04:28:32 WARNING  username2014141462185
Chenshufu    Thu, 02 Jun 2016 04:29:35 WARNING  username2014141494031
Chenshufu    Thu, 02 Jun 2016 04:29:42 WARNING  username2013141661049
Chenshufu    Thu, 02 Jun 2016 04:29:56 WARNING  username2014141494031
Chenshufu    Thu, 02 Jun 2016 04:30:04 WARNING  username2014141431056
Chenshufu    Thu, 02 Jun 2016 04:30:06 WARNING  username201541223012
Chenshufu    Thu, 02 Jun 2016 04:30:06 WARNING  username2013141661049
Chenshufu    Thu, 02 Jun 2016 04:30:07 WARNING  username2015141462094
Chenshufu    Thu, 02 Jun 2016 04:30:08 WARNING  username2015141442057
Chenshufu    Thu, 02 Jun 2016 04:30:08 WARNING  username2014141442087
Chenshufu    Thu, 02 Jun 2016 04:30:08 WARNING  username2015151611025
Chenshufu    Thu, 02 Jun 2016 04:30:13 WARNING  username2015141442057
Chenshufu    Thu, 02 Jun 2016 04:30:21 WARNING  username2014141462229
Chenshufu    Thu, 02 Jun 2016 04:30:21 WARNING  username2015141462094
Chenshufu    Thu, 02 Jun 2016 04:30:22 WARNING  username2015141442057
Chenshufu    Thu, 02 Jun 2016 04:30:31 WARNING  username2014141442087
Chenshufu    Thu, 02 Jun 2016 04:30:32 WARNING  username2015141462041
Chenshufu    Thu, 02 Jun 2016 04:30:38 WARNING  username2015141462094
Chenshufu    Thu, 02 Jun 2016 04:30:44 WARNING  username2015141442059
Chenshufu    Thu, 02 Jun 2016 04:31:15 WARNING  username2015141442044
Chenshufu    Thu, 02 Jun 2016 04:31:16 WARNING  username2015141442044
Chenshufu    Thu, 02 Jun 2016 04:31:17 WARNING  username2015141442044
Chenshufu    Thu, 02 Jun 2016 04:31:18 WARNING  username2015141462041
Chenshufu    Thu, 02 Jun 2016 04:31:19 WARNING  username2015141442044
Chenshufu    Thu, 02 Jun 2016 04:31:22 WARNING  username2015141442044
Chenshufu    Thu, 02 Jun 2016 04:31:26 WARNING  username2014141462229
Chenshufu    Thu, 02 Jun 2016 04:31:30 WARNING  username2015141091001
Chenshufu    Thu, 02 Jun 2016 04:31:33 WARNING  username2015141441002
Chenshufu    Thu, 02 Jun 2016 04:31:33 WARNING  username2015141441002
Chenshufu    Thu, 02 Jun 2016 04:31:34 WARNING  username2014141431059
Chenshufu    Thu, 02 Jun 2016 04:31:41 WARNING  username2014141442087
Chenshufu    Thu, 02 Jun 2016 04:31:41 WARNING  username2014141431059
Chenshufu    Thu, 02 Jun 2016 04:31:43 WARNING  username2015141442014
Chenshufu    Thu, 02 Jun 2016 04:31:48 WARNING  username2014141431059
Chenshufu    Thu, 02 Jun 2016 04:31:58 WARNING  username2015141442014
Chenshufu    Thu, 02 Jun 2016 04:32:00 WARNING  username2015141091001
Chenshufu    Thu, 02 Jun 2016 04:32:04 WARNING  username2014141431059
Chenshufu    Thu, 02 Jun 2016 04:32:15 WARNING  username2014141462229
Chenshufu    Thu, 02 Jun 2016 04:32:26 WARNING  username2015141462041
Chenshufu    Thu, 02 Jun 2016 04:32:28 WARNING  username2015141442014
Chenshufu    Thu, 02 Jun 2016 04:32:55 WARNING  username2015141442014
Chenshufu    Thu, 02 Jun 2016 04:33:26 WARNING  username2015141442059
Chenshufu    Thu, 02 Jun 2016 04:33:54 WARNING  username2015141462094
Chenshufu    Thu, 02 Jun 2016 04:33:54 WARNING  username2014141431059
Chenshufu    Thu, 02 Jun 2016 04:33:59 WARNING  username2014141462338
Chenshufu    Thu, 02 Jun 2016 04:34:13 WARNING  username2014141494031
Chenshufu    Thu, 02 Jun 2016 04:34:30 WARNING  username2015141442059
Chenshufu    Thu, 02 Jun 2016 04:34:37 WARNING  username2014151643132
Chenshufu    Thu, 02 Jun 2016 04:34:52 WARNING  username20151414562097
Chenshufu    Thu, 02 Jun 2016 04:34:56 WARNING  username2014141043001
Chenshufu    Thu, 02 Jun 2016 04:35:00 WARNING  username2015141462094
Chenshufu    Thu, 02 Jun 2016 04:35:05 WARNING  username20151414562097
Chenshufu    Thu, 02 Jun 2016 04:35:31 WARNING  username2015141441002
Chenshufu    Thu, 02 Jun 2016 04:35:58 WARNING  username2014151643002
Chenshufu    Thu, 02 Jun 2016 04:36:07 WARNING  username2014151643132
Chenshufu    Thu, 02 Jun 2016 04:36:10 WARNING  username2015141442080
Chenshufu    Thu, 02 Jun 2016 04:36:17 WARNING  username2014151643018
Chenshufu    Thu, 02 Jun 2016 04:36:30 WARNING  username2014151643002
Chenshufu    Thu, 02 Jun 2016 04:37:02 WARNING  username2015141442080
Chenshufu    Thu, 02 Jun 2016 04:37:06 WARNING  username2014141041123
Chenshufu    Thu, 02 Jun 2016 04:37:11 WARNING  username2015141462097
Chenshufu    Thu, 02 Jun 2016 04:37:16 WARNING  username2014151643018
Chenshufu    Thu, 02 Jun 2016 04:37:49 WARNING  username2014141482074
Chenshufu    Thu, 02 Jun 2016 04:38:12 WARNING  username2014151643018
Chenshufu    Thu, 02 Jun 2016 04:38:29 WARNING  username2014141482074
Chenshufu    Thu, 02 Jun 2016 04:38:32 WARNING  username2014141021124
Chenshufu    Thu, 02 Jun 2016 04:38:35 WARNING  username2015141442072
Chenshufu    Thu, 02 Jun 2016 04:38:48 WARNING  username2014151643018
Chenshufu    Thu, 02 Jun 2016 04:38:54 WARNING  username2014141021124
Chenshufu    Thu, 02 Jun 2016 04:39:12 WARNING  username2014151643018
Chenshufu    Thu, 02 Jun 2016 04:39:17 WARNING  username2014141444016
Chenshufu    Thu, 02 Jun 2016 04:39:22 WARNING  username2014141442062
Chenshufu    Thu, 02 Jun 2016 04:39:28 WARNING  username2014141482074
Chenshufu    Thu, 02 Jun 2016 04:39:28 WARNING  username2014141482074
Chenshufu    Thu, 02 Jun 2016 04:39:29 WARNING  username2014141021124
Chenshufu    Thu, 02 Jun 2016 04:39:35 WARNING  username2015141462094
Chenshufu    Thu, 02 Jun 2016 04:39:37 WARNING  username2014141482074
Chenshufu    Thu, 02 Jun 2016 04:39:42 WARNING  username2014141482074
Chenshufu    Thu, 02 Jun 2016 04:40:15 WARNING  username2014151643135
Chenshufu    Thu, 02 Jun 2016 04:40:21 WARNING  username2014141021124
Chenshufu    Thu, 02 Jun 2016 04:40:25 WARNING  username2014141021124
Chenshufu    Thu, 02 Jun 2016 04:40:47 WARNING  username2014151643125
Chenshufu    Thu, 02 Jun 2016 04:40:57 WARNING  username2014141442062
Chenshufu    Thu, 02 Jun 2016 04:41:07 WARNING  username2014141021124
Chenshufu    Thu, 02 Jun 2016 04:41:11 WARNING  username2014141482074
Chenshufu    Thu, 02 Jun 2016 04:41:20 WARNING  username2014141482074
Chenshufu    Thu, 02 Jun 2016 04:41:21 WARNING  username2014141442062
Chenshufu    Thu, 02 Jun 2016 04:41:24 WARNING  username2014141442062
Chenshufu    Thu, 02 Jun 2016 04:41:30 WARNING  username2014141482074
Chenshufu    Thu, 02 Jun 2016 04:41:41 WARNING  username2014141452071
Chenshufu    Thu, 02 Jun 2016 04:41:45 WARNING  username2014151643125
Chenshufu    Thu, 02 Jun 2016 04:41:45 WARNING  username2014151643125
Chenshufu    Thu, 02 Jun 2016 04:41:51 WARNING  username2014151643125
Chenshufu    Thu, 02 Jun 2016 04:41:58 WARNING  username2014141462338
Chenshufu    Thu, 02 Jun 2016 04:41:58 WARNING  username2014151643125
Chenshufu    Thu, 02 Jun 2016 04:41:59 WARNING  username2014151643125
Chenshufu    Thu, 02 Jun 2016 04:42:05 WARNING  username2014151643125
Chenshufu    Thu, 02 Jun 2016 04:42:07 WARNING  username2014141482074
Chenshufu    Thu, 02 Jun 2016 04:42:23 WARNING  username2014141452071
Chenshufu    Thu, 02 Jun 2016 04:42:40 WARNING  username2014151643125
Chenshufu    Thu, 02 Jun 2016 04:42:59 WARNING  username2014141452071
Chenshufu    Thu, 02 Jun 2016 04:43:04 WARNING  username2014151643125
Chenshufu    Thu, 02 Jun 2016 04:43:05 WARNING  username2014141462338
Chenshufu    Thu, 02 Jun 2016 04:43:05 WARNING  username2014141482074
Chenshufu    Thu, 02 Jun 2016 04:43:24 WARNING  username2014151643018
Chenshufu    Thu, 02 Jun 2016 04:43:24 WARNING  username2014141453128
Chenshufu    Thu, 02 Jun 2016 04:43:28 WARNING  username2014151643125
Chenshufu    Thu, 02 Jun 2016 04:43:31 WARNING  username2014141462338
Chenshufu    Thu, 02 Jun 2016 04:43:38 WARNING  username2014151643018
Chenshufu    Thu, 02 Jun 2016 04:43:42 WARNING  username2014141462338
Chenshufu    Thu, 02 Jun 2016 04:43:49 WARNING  username2015151651025
Chenshufu    Thu, 02 Jun 2016 04:43:54 WARNING  username2015141223003
Chenshufu    Thu, 02 Jun 2016 04:43:56 WARNING  username2015141223003
Chenshufu    Thu, 02 Jun 2016 04:43:58 WARNING  username2015141223003
Chenshufu    Thu, 02 Jun 2016 04:43:58 WARNING  username2015141223003
Chenshufu    Thu, 02 Jun 2016 04:43:59 WARNING  username2015141223003
Chenshufu    Thu, 02 Jun 2016 04:44:00 WARNING  username2015141223003
Chenshufu    Thu, 02 Jun 2016 04:44:02 WARNING  username2014141482074
Chenshufu    Thu, 02 Jun 2016 04:44:03 WARNING  username2015141223003
Chenshufu    Thu, 02 Jun 2016 04:44:03 WARNING  username2014151643009
Chenshufu    Thu, 02 Jun 2016 04:44:03 WARNING  username2015141223003
Chenshufu    Thu, 02 Jun 2016 04:44:04 WARNING  username2014151643018
Chenshufu    Thu, 02 Jun 2016 04:44:05 WARNING  username2015141223003
Chenshufu    Thu, 02 Jun 2016 04:44:05 WARNING  username2015141223003
Chenshufu    Thu, 02 Jun 2016 04:44:06 WARNING  username2014141482074
Chenshufu    Thu, 02 Jun 2016 04:44:06 WARNING  username2014141482074
Chenshufu    Thu, 02 Jun 2016 04:44:07 WARNING  username2014151643009
Chenshufu    Thu, 02 Jun 2016 04:44:07 WARNING  username2015141223003
Chenshufu    Thu, 02 Jun 2016 04:44:08 WARNING  username2015151651025
Chenshufu    Thu, 02 Jun 2016 04:44:08 WARNING  username2015141223003
Chenshufu    Thu, 02 Jun 2016 04:44:09 WARNING  username2015141223003
Chenshufu    Thu, 02 Jun 2016 04:44:11 WARNING  username2015141223003
Chenshufu    Thu, 02 Jun 2016 04:44:11 WARNING  username2014141482074
Chenshufu    Thu, 02 Jun 2016 04:44:20 WARNING  username2014141482074
Chenshufu    Thu, 02 Jun 2016 04:44:21 WARNING  username2015141223003
Chenshufu    Thu, 02 Jun 2016 04:44:21 WARNING  username2015141223003
Chenshufu    Thu, 02 Jun 2016 04:44:29 WARNING  username2015141223003
Chenshufu    Thu, 02 Jun 2016 04:44:31 WARNING  username2015141223003
Chenshufu    Thu, 02 Jun 2016 04:44:32 WARNING  username2014141482074
Chenshufu    Thu, 02 Jun 2016 04:44:32 WARNING  username2015141223003
Chenshufu    Thu, 02 Jun 2016 04:44:33 WARNING  username2014151643009
Chenshufu    Thu, 02 Jun 2016 04:44:33 WARNING  username2015141223003
Chenshufu    Thu, 02 Jun 2016 04:44:33 WARNING  username2015141223003
Chenshufu    Thu, 02 Jun 2016 04:44:35 WARNING  username2014141482074
Chenshufu    Thu, 02 Jun 2016 04:44:35 WARNING  username2015141223003
Chenshufu    Thu, 02 Jun 2016 04:44:36 WARNING  username2014141482074
Chenshufu    Thu, 02 Jun 2016 04:44:36 WARNING  username2015141223003
Chenshufu    Thu, 02 Jun 2016 04:44:43 WARNING  username2014151643009
Chenshufu    Thu, 02 Jun 2016 04:44:47 WARNING  username2015151651025
Chenshufu    Thu, 02 Jun 2016 04:44:50 WARNING  username2015141223003
Chenshufu    Thu, 02 Jun 2016 04:44:50 WARNING  username2015141414016
Chenshufu    Thu, 02 Jun 2016 04:44:53 WARNING  username2014141012084
Chenshufu    Thu, 02 Jun 2016 04:45:06 WARNING  username2015141223003
Chenshufu    Thu, 02 Jun 2016 04:45:08 WARNING  username2015141482075
Chenshufu    Thu, 02 Jun 2016 04:45:08 WARNING  username2015141414016
Chenshufu    Thu, 02 Jun 2016 04:45:11 WARNING  username2015151651025
Chenshufu    Thu, 02 Jun 2016 04:45:11 WARNING  username2015141414016
Chenshufu    Thu, 02 Jun 2016 04:45:12 WARNING  username2015141414016
Chenshufu    Thu, 02 Jun 2016 04:45:44 WARNING  username2014141482140
Chenshufu    Thu, 02 Jun 2016 04:46:02 WARNING  username2014151643009
Chenshufu    Thu, 02 Jun 2016 04:46:03 WARNING  username2014141442092
Chenshufu    Thu, 02 Jun 2016 04:46:25 WARNING  username2015151651025
Chenshufu    Thu, 02 Jun 2016 04:46:35 WARNING  username2014141482140
Chenshufu    Thu, 02 Jun 2016 04:46:36 WARNING  username2015141223003
Chenshufu    Thu, 02 Jun 2016 04:46:45 WARNING  username2015151651025
Chenshufu    Thu, 02 Jun 2016 04:46:47 WARNING  usernamedff
Chenshufu    Thu, 02 Jun 2016 04:46:49 WARNING  username2015141414016
Chenshufu    Thu, 02 Jun 2016 04:47:02 WARNING  username2015141223003
Chenshufu    Thu, 02 Jun 2016 04:47:03 WARNING  username2015141223003
Chenshufu    Thu, 02 Jun 2016 04:47:03 WARNING  username2014141444010
Chenshufu    Thu, 02 Jun 2016 04:47:04 WARNING  username2014141482140
Chenshufu    Thu, 02 Jun 2016 04:47:04 WARNING  username2014141482140
Chenshufu    Thu, 02 Jun 2016 04:47:04 WARNING  username2014141482140
Chenshufu    Thu, 02 Jun 2016 04:47:05 WARNING  username2014141482140
Chenshufu    Thu, 02 Jun 2016 04:47:05 WARNING  username2014141444010
Chenshufu    Thu, 02 Jun 2016 04:47:11 WARNING  username2014141482140
Chenshufu    Thu, 02 Jun 2016 04:47:13 WARNING  username2014141482140
Chenshufu    Thu, 02 Jun 2016 04:47:16 WARNING  username2014141482140
Chenshufu    Thu, 02 Jun 2016 04:47:18 WARNING  username2014141482140
Chenshufu    Thu, 02 Jun 2016 04:47:30 WARNING  username2014141444010
Chenshufu    Thu, 02 Jun 2016 04:47:34 WARNING  username2015141223003
Chenshufu    Thu, 02 Jun 2016 04:47:37 WARNING  username2015141414016
Chenshufu    Thu, 02 Jun 2016 04:48:07 WARNING  username2014141431299
Chenshufu    Thu, 02 Jun 2016 04:48:08 WARNING  username2014141431299
Chenshufu    Thu, 02 Jun 2016 04:48:08 WARNING  username2014141431299
Chenshufu    Thu, 02 Jun 2016 04:48:08 WARNING  username2014141431299
Chenshufu    Thu, 02 Jun 2016 04:48:08 WARNING  username2014141431299
Chenshufu    Thu, 02 Jun 2016 04:48:08 WARNING  username2014141431299
Chenshufu    Thu, 02 Jun 2016 04:48:12 WARNING  username2014141431299
Chenshufu    Thu, 02 Jun 2016 04:48:17 WARNING  username2014141431299
Chenshufu    Thu, 02 Jun 2016 04:48:19 WARNING  username2015141414016
Chenshufu    Thu, 02 Jun 2016 04:48:28 WARNING  username2015141223003
Chenshufu    Thu, 02 Jun 2016 04:48:46 WARNING  username2014141431299
Chenshufu    Thu, 02 Jun 2016 04:49:08 WARNING  username2014151643112
Chenshufu    Thu, 02 Jun 2016 04:49:16 WARNING  username2014141431299
Chenshufu    Thu, 02 Jun 2016 04:49:34 WARNING  username2014141444010
Chenshufu    Thu, 02 Jun 2016 04:49:47 WARNING  username2014151643112
Chenshufu    Thu, 02 Jun 2016 04:49:53 WARNING  username2015141462294
Chenshufu    Thu, 02 Jun 2016 04:49:57 WARNING  username2015141482075
Chenshufu    Thu, 02 Jun 2016 04:50:19 WARNING  username2015141462294
Chenshufu    Thu, 02 Jun 2016 04:50:22 WARNING  username2014141431277
Chenshufu    Thu, 02 Jun 2016 04:50:33 WARNING  username2014151643112
Chenshufu    Thu, 02 Jun 2016 04:50:39 WARNING  username2015141462294
Chenshufu    Thu, 02 Jun 2016 04:50:52 WARNING  username2014151643112
Chenshufu    Thu, 02 Jun 2016 04:51:10 WARNING  username2015141462294
Chenshufu    Thu, 02 Jun 2016 04:51:14 WARNING  username2014141431299
Chenshufu    Thu, 02 Jun 2016 04:51:28 WARNING  username2015141462294
Chenshufu    Thu, 02 Jun 2016 04:51:38 WARNING  username2014141444010
Chenshufu    Thu, 02 Jun 2016 04:51:50 WARNING  username2014141482140
Chenshufu    Thu, 02 Jun 2016 04:51:51 WARNING  username2014151643112
Chenshufu    Thu, 02 Jun 2016 04:52:21 WARNING  username2014151643112
Chenshufu    Thu, 02 Jun 2016 04:52:31 WARNING  username2014141482140
Chenshufu    Thu, 02 Jun 2016 04:52:33 WARNING  username2015141482020
Chenshufu    Thu, 02 Jun 2016 04:52:37 WARNING  username2015141462294
Chenshufu    Thu, 02 Jun 2016 04:52:52 WARNING  username2014141482140
Chenshufu    Thu, 02 Jun 2016 04:52:55 WARNING  username2015141482020
Chenshufu    Thu, 02 Jun 2016 04:52:59 WARNING  username2014141444004
Chenshufu    Thu, 02 Jun 2016 04:53:10 WARNING  username2015141462294
Chenshufu    Thu, 02 Jun 2016 04:53:21 WARNING  username2014151643112
Chenshufu    Thu, 02 Jun 2016 04:53:22 WARNING  username2015141462126
Chenshufu    Thu, 02 Jun 2016 04:53:22 WARNING  username2014141444004
Chenshufu    Thu, 02 Jun 2016 04:53:54 WARNING  username2014151643112
Chenshufu    Thu, 02 Jun 2016 04:53:56 WARNING  username2015151651025
Chenshufu    Thu, 02 Jun 2016 04:54:20 WARNING  username2014141462157
Chenshufu    Thu, 02 Jun 2016 04:54:28 WARNING  username2015151651025
Chenshufu    Thu, 02 Jun 2016 04:54:30 WARNING  username2015151651025
Chenshufu    Thu, 02 Jun 2016 04:54:31 WARNING  username2015151651025
Chenshufu    Thu, 02 Jun 2016 04:54:34 WARNING  username2014141482140
Chenshufu    Thu, 02 Jun 2016 04:54:35 WARNING  username2014141482140
Chenshufu    Thu, 02 Jun 2016 04:54:37 WARNING  username2015141081006
Chenshufu    Thu, 02 Jun 2016 04:54:39 WARNING  username2015141462294
Chenshufu    Thu, 02 Jun 2016 04:54:44 WARNING  username2015141081006
Chenshufu    Thu, 02 Jun 2016 04:54:45 WARNING  username2015141081006
Chenshufu    Thu, 02 Jun 2016 04:54:45 WARNING  username2015141081006
Chenshufu    Thu, 02 Jun 2016 04:54:45 WARNING  username2015141462294
Chenshufu    Thu, 02 Jun 2016 04:54:46 WARNING  username2015141462294
Chenshufu    Thu, 02 Jun 2016 04:54:47 WARNING  username2015141462294
Chenshufu    Thu, 02 Jun 2016 04:54:48 WARNING  username2015141462294
Chenshufu    Thu, 02 Jun 2016 04:54:49 WARNING  username2015141462294
Chenshufu    Thu, 02 Jun 2016 04:54:49 WARNING  username2015141081006
Chenshufu    Thu, 02 Jun 2016 04:54:49 WARNING  username2015141081006
Chenshufu    Thu, 02 Jun 2016 04:54:49 WARNING  username2015141462294
Chenshufu    Thu, 02 Jun 2016 04:54:49 WARNING  username2015141462294
Chenshufu    Thu, 02 Jun 2016 04:54:49 WARNING  username2015141081006
Chenshufu    Thu, 02 Jun 2016 04:54:50 WARNING  username2015141081006
Chenshufu    Thu, 02 Jun 2016 04:54:50 WARNING  username2015141462294
Chenshufu    Thu, 02 Jun 2016 04:54:50 WARNING  username2015141462294
Chenshufu    Thu, 02 Jun 2016 04:54:50 WARNING  username2015141081006
Chenshufu    Thu, 02 Jun 2016 04:54:51 WARNING  username2015141081006
Chenshufu    Thu, 02 Jun 2016 04:54:51 WARNING  username2015141462294
Chenshufu    Thu, 02 Jun 2016 04:54:52 WARNING  username2015141462294
Chenshufu    Thu, 02 Jun 2016 04:54:54 WARNING  username2015141081006
Chenshufu    Thu, 02 Jun 2016 04:54:55 WARNING  username2015141462294
Chenshufu    Thu, 02 Jun 2016 04:54:57 WARNING  username2015151651025
Chenshufu    Thu, 02 Jun 2016 04:55:01 WARNING  username2015141482020
Chenshufu    Thu, 02 Jun 2016 04:55:11 WARNING  username2014141482140
Chenshufu    Thu, 02 Jun 2016 04:55:11 WARNING  username2015141462294
Chenshufu    Thu, 02 Jun 2016 04:55:14 WARNING  username2014141452071
Chenshufu    Thu, 02 Jun 2016 04:55:17 WARNING  username2015141081006
Chenshufu    Thu, 02 Jun 2016 04:55:20 WARNING  username2015141081006
Chenshufu    Thu, 02 Jun 2016 04:55:33 WARNING  username2015141081006
Chenshufu    Thu, 02 Jun 2016 04:55:36 WARNING  username2014141453198
Chenshufu    Thu, 02 Jun 2016 04:55:37 WARNING  username2015151651025
Chenshufu    Thu, 02 Jun 2016 04:55:38 WARNING  username2014141444004
Chenshufu    Thu, 02 Jun 2016 04:55:38 WARNING  username2014141482140
Chenshufu    Thu, 02 Jun 2016 04:55:39 WARNING  username2015141462294
Chenshufu    Thu, 02 Jun 2016 04:55:39 WARNING  username2015141462294
Chenshufu    Thu, 02 Jun 2016 04:55:40 WARNING  username2014141453198
Chenshufu    Thu, 02 Jun 2016 04:55:46 WARNING  username2015141462126
Chenshufu    Thu, 02 Jun 2016 04:55:46 WARNING  username2014141453198
Chenshufu    Thu, 02 Jun 2016 04:55:46 WARNING  username2014151643112
Chenshufu    Thu, 02 Jun 2016 04:55:47 WARNING  username2014141462015
Chenshufu    Thu, 02 Jun 2016 04:55:49 WARNING  username2014141482140
Chenshufu    Thu, 02 Jun 2016 04:55:50 WARNING  username2015141081006
Chenshufu    Thu, 02 Jun 2016 04:55:51 WARNING  username2015141462294
Chenshufu    Thu, 02 Jun 2016 04:55:53 WARNING  username2015141231078
Chenshufu    Thu, 02 Jun 2016 04:55:58 WARNING  username2014151643112
Chenshufu    Thu, 02 Jun 2016 04:56:09 WARNING  username2015141462294
Chenshufu    Thu, 02 Jun 2016 04:56:22 WARNING  username2014141422041
Chenshufu    Thu, 02 Jun 2016 04:56:40 WARNING  username2015141231078
Chenshufu    Thu, 02 Jun 2016 04:56:42 WARNING  username2015141462294
Chenshufu    Thu, 02 Jun 2016 04:56:42 WARNING  username2015141462294
Chenshufu    Thu, 02 Jun 2016 04:56:44 WARNING  username2015141462294
Chenshufu    Thu, 02 Jun 2016 04:56:46 WARNING  username2015141462294
Chenshufu    Thu, 02 Jun 2016 04:56:46 WARNING  username2015141462294
Chenshufu    Thu, 02 Jun 2016 04:56:50 WARNING  username2015141462294
Chenshufu    Thu, 02 Jun 2016 04:56:51 WARNING  username2015141462294
Chenshufu    Thu, 02 Jun 2016 04:56:52 WARNING  username2015141462294
Chenshufu    Thu, 02 Jun 2016 04:56:53 WARNING  username2015141462294
Chenshufu    Thu, 02 Jun 2016 04:56:56 WARNING  username2015141462294
Chenshufu    Thu, 02 Jun 2016 04:56:58 WARNING  username2015141462294
Chenshufu    Thu, 02 Jun 2016 04:57:01 WARNING  username2015141462294
Chenshufu    Thu, 02 Jun 2016 04:57:02 WARNING  username2015141462294
Chenshufu    Thu, 02 Jun 2016 04:57:03 WARNING  username2015141462294
Chenshufu    Thu, 02 Jun 2016 04:57:03 WARNING  username2015141462294
Chenshufu    Thu, 02 Jun 2016 04:57:04 WARNING  username2015141462294
Chenshufu    Thu, 02 Jun 2016 04:57:04 WARNING  username2015141462294
Chenshufu    Thu, 02 Jun 2016 04:57:04 WARNING  username2015141462294
Chenshufu    Thu, 02 Jun 2016 04:57:06 WARNING  username2015141462294
Chenshufu    Thu, 02 Jun 2016 04:57:06 WARNING  username2015141462294
Chenshufu    Thu, 02 Jun 2016 04:57:08 WARNING  username2015141081006
Chenshufu    Thu, 02 Jun 2016 04:57:51 WARNING  username201514142294
Chenshufu    Thu, 02 Jun 2016 04:57:53 WARNING  username2014141453198
Chenshufu    Thu, 02 Jun 2016 04:57:56 WARNING  username201514142294
Chenshufu    Thu, 02 Jun 2016 04:58:05 WARNING  username2014141453198
Chenshufu    Thu, 02 Jun 2016 04:58:17 WARNING  username2015151651025
Chenshufu    Thu, 02 Jun 2016 04:58:33 WARNING  username2015141414016
Chenshufu    Thu, 02 Jun 2016 04:58:40 WARNING  username2015141462294
Chenshufu    Thu, 02 Jun 2016 04:58:56 WARNING  username2015141624019
Chenshufu    Thu, 02 Jun 2016 04:59:01 WARNING  username2014141453198
Chenshufu    Thu, 02 Jun 2016 04:59:04 WARNING  username2015141442044
Chenshufu    Thu, 02 Jun 2016 04:59:16 WARNING  username2015141431046
Chenshufu    Thu, 02 Jun 2016 04:59:19 WARNING  username2015141441094
Chenshufu    Thu, 02 Jun 2016 04:59:28 WARNING  username2015141431046
Chenshufu    Thu, 02 Jun 2016 04:59:35 WARNING  username2014141453198
Chenshufu    Thu, 02 Jun 2016 04:59:54 WARNING  username2014141462155
Chenshufu    Thu, 02 Jun 2016 04:59:55 WARNING  username2015141624019
Chenshufu    Thu, 02 Jun 2016 05:00:08 WARNING  username2014141444007
Chenshufu    Thu, 02 Jun 2016 05:00:19 WARNING  username2015141013064
Chenshufu    Thu, 02 Jun 2016 05:00:32 WARNING  username2015141081006
Chenshufu    Thu, 02 Jun 2016 05:00:47 WARNING  username2015141624019
Chenshufu    Thu, 02 Jun 2016 05:01:03 WARNING  username2015141442018
Chenshufu    Thu, 02 Jun 2016 05:01:32 WARNING  username2014141462155
Chenshufu    Thu, 02 Jun 2016 05:01:38 WARNING  username2015141041091
Chenshufu    Thu, 02 Jun 2016 05:02:08 WARNING  username2015141441002
Chenshufu    Thu, 02 Jun 2016 05:03:00 WARNING  username2014141462015
Chenshufu    Thu, 02 Jun 2016 05:03:16 WARNING  username2014141453133
Chenshufu    Thu, 02 Jun 2016 05:03:25 WARNING  username2015141441002
Chenshufu    Thu, 02 Jun 2016 05:03:25 WARNING  username2015141441002
Chenshufu    Thu, 02 Jun 2016 05:03:25 WARNING  username2015141441002
Chenshufu    Thu, 02 Jun 2016 05:03:25 WARNING  username2015141441002
Chenshufu    Thu, 02 Jun 2016 05:03:25 WARNING  username2015141441002
Chenshufu    Thu, 02 Jun 2016 05:03:25 WARNING  username2015141441002
Chenshufu    Thu, 02 Jun 2016 05:03:26 WARNING  username2015141441002
Chenshufu    Thu, 02 Jun 2016 05:03:26 WARNING  username2015141441002
Chenshufu    Thu, 02 Jun 2016 05:03:26 WARNING  username2015141441002
Chenshufu    Thu, 02 Jun 2016 05:03:34 WARNING  username2015141441002
Chenshufu    Thu, 02 Jun 2016 05:03:52 WARNING  username2014141462093
Chenshufu    Thu, 02 Jun 2016 05:04:07 WARNING  username2015141075033
Chenshufu    Thu, 02 Jun 2016 05:04:19 WARNING  username2014141444017
Chenshufu    Thu, 02 Jun 2016 05:04:45 WARNING  username2014141453133
Chenshufu    Thu, 02 Jun 2016 05:04:54 WARNING  username2015141441094
Chenshufu    Thu, 02 Jun 2016 05:05:15 WARNING  username2015141494064
Chenshufu    Thu, 02 Jun 2016 05:05:17 WARNING  username2015141494064
Chenshufu    Thu, 02 Jun 2016 05:05:18 WARNING  username2015141494064
Chenshufu    Thu, 02 Jun 2016 05:05:46 WARNING  username20141051067
Chenshufu    Thu, 02 Jun 2016 05:06:03 WARNING  username2015141075033
Chenshufu    Thu, 02 Jun 2016 05:06:04 WARNING  username2014141462262
Chenshufu    Thu, 02 Jun 2016 05:06:19 WARNING  username2015141452240
Chenshufu    Thu, 02 Jun 2016 05:06:31 WARNING  username2015141494064
Chenshufu    Thu, 02 Jun 2016 05:06:50 WARNING  username2015141494064
Chenshufu    Thu, 02 Jun 2016 05:06:54 WARNING  username2015141494064
Chenshufu    Thu, 02 Jun 2016 05:06:54 WARNING  username2015141462294
Chenshufu    Thu, 02 Jun 2016 05:06:55 WARNING  username2015141452240
Chenshufu    Thu, 02 Jun 2016 05:06:56 WARNING  username2015141462294
Chenshufu    Thu, 02 Jun 2016 05:06:56 WARNING  username2015141462294
Chenshufu    Thu, 02 Jun 2016 05:06:57 WARNING  username2015141462294
Chenshufu    Thu, 02 Jun 2016 05:06:58 WARNING  username2015141494064
Chenshufu    Thu, 02 Jun 2016 05:07:01 WARNING  username2015141494064
Chenshufu    Thu, 02 Jun 2016 05:07:01 WARNING  username2015141462294
Chenshufu    Thu, 02 Jun 2016 05:07:03 WARNING  username2015141462294
Chenshufu    Thu, 02 Jun 2016 05:07:04 WARNING  username2015141462294
Chenshufu    Thu, 02 Jun 2016 05:07:04 WARNING  username201514142294
Chenshufu    Thu, 02 Jun 2016 05:07:09 WARNING  username2015141494064
Chenshufu    Thu, 02 Jun 2016 05:07:29 WARNING  username2015141462294
Chenshufu    Thu, 02 Jun 2016 05:07:39 WARNING  username2015141462294
Chenshufu    Thu, 02 Jun 2016 05:07:40 WARNING  username2015141462294
Chenshufu    Thu, 02 Jun 2016 05:07:41 WARNING  username2015141462294
Chenshufu    Thu, 02 Jun 2016 05:07:42 WARNING  username2015141462294
Chenshufu    Thu, 02 Jun 2016 05:07:42 WARNING  username2015141462294
Chenshufu    Thu, 02 Jun 2016 05:07:43 WARNING  username2015141462294
Chenshufu    Thu, 02 Jun 2016 05:07:46 WARNING  username2015141462294
Chenshufu    Thu, 02 Jun 2016 05:07:46 WARNING  username2015141462294
Chenshufu    Thu, 02 Jun 2016 05:07:48 WARNING  username2015141462294
Chenshufu    Thu, 02 Jun 2016 05:07:48 WARNING  username2015141462294
Chenshufu    Thu, 02 Jun 2016 05:07:48 WARNING  username2015141462294
Chenshufu    Thu, 02 Jun 2016 05:07:48 WARNING  username2015141462294
Chenshufu    Thu, 02 Jun 2016 05:07:49 WARNING  username2015141462294
Chenshufu    Thu, 02 Jun 2016 05:07:49 WARNING  username2015141462294
Chenshufu    Thu, 02 Jun 2016 05:07:49 WARNING  username2015141462294
Chenshufu    Thu, 02 Jun 2016 05:07:49 WARNING  username2015141462294
Chenshufu    Thu, 02 Jun 2016 05:07:49 WARNING  username2015141462294
Chenshufu    Thu, 02 Jun 2016 05:07:50 WARNING  username2015141462294
Chenshufu    Thu, 02 Jun 2016 05:07:50 WARNING  username2015141462294
Chenshufu    Thu, 02 Jun 2016 05:07:50 WARNING  username2015141462294
Chenshufu    Thu, 02 Jun 2016 05:07:50 WARNING  username2015141462294
Chenshufu    Thu, 02 Jun 2016 05:07:53 WARNING  username2015141462294
Chenshufu    Thu, 02 Jun 2016 05:07:55 WARNING  username2015141462294
Chenshufu    Thu, 02 Jun 2016 05:07:58 WARNING  username2015141462294
Chenshufu    Thu, 02 Jun 2016 05:07:59 WARNING  username201514142294
Chenshufu    Thu, 02 Jun 2016 05:07:59 WARNING  username201514142294
Chenshufu    Thu, 02 Jun 2016 05:07:59 WARNING  username201514142294
Chenshufu    Thu, 02 Jun 2016 05:08:00 WARNING  username201514142294
Chenshufu    Thu, 02 Jun 2016 05:08:00 WARNING  username201514142294
Chenshufu    Thu, 02 Jun 2016 05:08:00 WARNING  username201514142294
Chenshufu    Thu, 02 Jun 2016 05:08:00 WARNING  username201514142294
Chenshufu    Thu, 02 Jun 2016 05:08:00 WARNING  username201514142294
Chenshufu    Thu, 02 Jun 2016 05:08:00 WARNING  username201514142294
Chenshufu    Thu, 02 Jun 2016 05:08:01 WARNING  username201514142294
Chenshufu    Thu, 02 Jun 2016 05:08:01 WARNING  username201514142294
Chenshufu    Thu, 02 Jun 2016 05:08:01 WARNING  username201514142294
Chenshufu    Thu, 02 Jun 2016 05:08:02 WARNING  username201514142294
Chenshufu    Thu, 02 Jun 2016 05:08:02 WARNING  username201514142294
Chenshufu    Thu, 02 Jun 2016 05:08:02 WARNING  username201514142294
Chenshufu    Thu, 02 Jun 2016 05:08:02 WARNING  username201514142294
Chenshufu    Thu, 02 Jun 2016 05:08:02 WARNING  username201514142294
Chenshufu    Thu, 02 Jun 2016 05:08:03 WARNING  username201514142294
Chenshufu    Thu, 02 Jun 2016 05:08:03 WARNING  username201514142294
Chenshufu    Thu, 02 Jun 2016 05:08:03 WARNING  username201514142294
Chenshufu    Thu, 02 Jun 2016 05:08:03 WARNING  username201514142294
Chenshufu    Thu, 02 Jun 2016 05:08:04 WARNING  username201514142294
Chenshufu    Thu, 02 Jun 2016 05:08:04 WARNING  username201514142294
Chenshufu    Thu, 02 Jun 2016 05:08:04 WARNING  username201514142294
Chenshufu    Thu, 02 Jun 2016 05:08:04 WARNING  username201514142294
Chenshufu    Thu, 02 Jun 2016 05:08:05 WARNING  username201514142294
Chenshufu    Thu, 02 Jun 2016 05:08:05 WARNING  username201514142294
Chenshufu    Thu, 02 Jun 2016 05:08:05 WARNING  username201514142294
Chenshufu    Thu, 02 Jun 2016 05:08:05 WARNING  username201514142294
Chenshufu    Thu, 02 Jun 2016 05:08:06 WARNING  username201514142294
Chenshufu    Thu, 02 Jun 2016 05:08:13 WARNING  username2015141462294
Chenshufu    Thu, 02 Jun 2016 05:08:18 WARNING  username2015141452240
Chenshufu    Thu, 02 Jun 2016 05:08:23 WARNING  username201514142294
Chenshufu    Thu, 02 Jun 2016 05:08:32 WARNING  username2015141494064
Chenshufu    Thu, 02 Jun 2016 05:08:40 WARNING  username201514142294
Chenshufu    Thu, 02 Jun 2016 05:08:58 WARNING  username2015141462294
Chenshufu    Thu, 02 Jun 2016 05:09:07 WARNING  username2015141482081
Chenshufu    Thu, 02 Jun 2016 05:09:11 WARNING  username2015141482081
Chenshufu    Thu, 02 Jun 2016 05:09:32 WARNING  username2014141482140
Chenshufu    Thu, 02 Jun 2016 05:09:37 WARNING  username2015141494064
Chenshufu    Thu, 02 Jun 2016 05:12:13 WARNING  username2015141494064
Chenshufu    Thu, 02 Jun 2016 05:12:47 WARNING  username2015141482081
Chenshufu    Thu, 02 Jun 2016 05:13:02 WARNING  username201514142294
Chenshufu    Thu, 02 Jun 2016 05:13:34 WARNING  username2015141442072
Chenshufu    Thu, 02 Jun 2016 05:14:10 WARNING  username2014141441043
Chenshufu    Thu, 02 Jun 2016 05:14:19 WARNING  username2015141441166
Chenshufu    Thu, 02 Jun 2016 05:14:25 WARNING  username201514142294
Chenshufu    Thu, 02 Jun 2016 05:14:30 WARNING  username201514142294
Chenshufu    Thu, 02 Jun 2016 05:15:12 WARNING  username2015141021076
Chenshufu    Thu, 02 Jun 2016 05:15:23 WARNING  username2015141462177
Chenshufu    Thu, 02 Jun 2016 05:15:33 WARNING  username2015141482081
Chenshufu    Thu, 02 Jun 2016 05:15:38 WARNING  username2015141462177
